// Jest Snapshot v1, https://goo.gl/fbAQLP

exports[`should test Products Container component 1`] = `undefined`;
